[Mon Apr 27 22:12:49 UTC 2026] Starting server...
⨯ Failed to start server
Error: listen EADDRINUSE: address already in use :::3000
    at <unknown> (Error: listen EADDRINUSE: address already in use :::3000)
    at new Promise (<anonymous>) {
  code: 'EADDRINUSE',
  errno: -98,
  syscall: 'listen',
  address: '::',
  port: 3000
}
[Mon Apr 27 22:12:49 UTC 2026] Server died, restarting in 2s...
[Mon Apr 27 22:12:51 UTC 2026] Starting server...
⨯ Failed to start server
Error: listen EADDRINUSE: address already in use :::3000
    at <unknown> (Error: listen EADDRINUSE: address already in use :::3000)
    at new Promise (<anonymous>) {
  code: 'EADDRINUSE',
  errno: -98,
  syscall: 'listen',
  address: '::',
  port: 3000
}
[Mon Apr 27 22:12:52 UTC 2026] Server died, restarting in 2s...
